2026-01-31 07:05:57,448 - INFO - 
Following users from your follower list is done! Total followers fetched: 0, Total followers followed: 9620
2026-01-31 07:37:45,296 - INFO - Hi! I am GitHub Follower Bot.
2026-01-31 07:37:45,296 - INFO - Letting you follow all your followers!
2026-01-31 07:37:45,296 - INFO - Starting to fetch your follower lists...

2026-01-31 07:37:45,299 - INFO - Loaded 9620 already followed users.
2026-01-31 07:37:45,299 - INFO - Processing all followers without resume.
2026-01-31 07:37:45,300 - INFO - Starting from page: 1
2026-01-31 07:37:45,300 - INFO - Current follower counter: 9620
2026-01-31 07:37:45,396 - ERROR - Failed to check rate limit: 401 Client Error: Unauthorized for url: https://api.github.com/rate_limit
2026-01-31 07:37:45,396 - INFO - Fetching followers from: https://api.github.com/users/officialcodevoyage/followers?per_page=100&page=1
2026-01-31 07:37:45,475 - ERROR - HTTP error occurred while fetching followers: 401 Client Error: Unauthorized for url: https://api.github.com/users/officialcodevoyage/followers?per_page=100&page=1
2026-01-31 07:37:45,476 - INFO - Follower counter updated: 9620
2026-01-31 07:37:45,476 - INFO - 
Following users from your follower list is done! Total followers fetched: 0, Total followers followed: 9620
2026-01-31 07:53:06,136 - INFO - Hi! I am GitHub Follower Bot.
2026-01-31 07:53:06,136 - INFO - Letting you follow all your followers!
2026-01-31 07:53:06,136 - INFO - Starting to fetch your follower lists...

2026-01-31 07:53:06,139 - INFO - Loaded 9620 already followed users.
2026-01-31 07:53:06,139 - INFO - Processing all followers without resume.
2026-01-31 07:53:06,139 - INFO - Starting from page: 1
2026-01-31 07:53:06,139 - INFO - Current follower counter: 9620
2026-01-31 07:53:06,370 - ERROR - Failed to check rate limit: 401 Client Error: Unauthorized for url: https://api.github.com/rate_limit
2026-01-31 07:53:06,370 - INFO - Fetching followers from: https://api.github.com/users/officialcodevoyage/followers?per_page=100&page=1
2026-01-31 07:53:06,587 - ERROR - HTTP error occurred while fetching followers: 401 Client Error: Unauthorized for url: https://api.github.com/users/officialcodevoyage/followers?per_page=100&page=1
2026-01-31 07:53:06,588 - INFO - Follower counter updated: 9620
2026-01-31 07:53:06,588 - INFO - 
Following users from your follower list is done! Total followers fetched: 0, Total followers followed: 9620
